
Expected those two things to be equal

Expected `[31mLeft[0m` to equal `[32mRight[0m`:

[31m-[0m [31m1[0m
[32m+[0m [32m2[0m
