
[2m━━━━━━━━━━━━━━━━━━━━━━━━━━━━━━━━━━━━━━━━━━━━━━━━━━━━━━━━━━━━━━━━━━━━━━━━━━━━━━━━━━━━━━━━━━━━━━━━━━━━[0m
[33massert_equal![0m([31mx1[0m, [32mx2[0m);

Assertion Failure!


Expected `[31mLeft[0m` to equal `[32mRight[0m`:

  [2mX {[0m
  [2m    a: "test",[0m
  [2m    b: 4,[0m
  [2m    c: ([0m
  [2m        "test2",[0m
[31m-[0m [31m        4,[0m
[32m+[0m [32m        9,[0m
  [2m    ),[0m
[31m-[0m [31m    d: Some([0m
[31m-[0m [31m        (),[0m
[31m-[0m [31m    ),[0m
[32m+[0m [32m    d: None,[0m
  [2m}[0m

[2m━━━━━━━━━━━━━━━━━━━━━━━━━━━━━━━━━━━━━━━━━━━━━━━━━━━━━━━━━━━━━━━━━━━━━━━━━━━━━━━━━━━━━━━━━━━━━━━━━━━━[0m