
[2m━━━━━━━━━━━━━━━━━━━━━━━━━━━━━━━━━━━━━━━━━━━━━━━━━━━━━━━━━━━━━━━━━━━━━━━━━━━━━━━━━━━━━━━━━━━━━━━━━━━━[0m
[33massert_lesser_than![0m([31m2[0m, [32m1[0m, [2m"Expected left to be lesser than right"[0m);

Expected left to be lesser than right

Expected [31mLeft[0m value to be lesser than [32mRight[0m value

Left value:  [31m2[0m
Right value: [32m1[0m

[2m━━━━━━━━━━━━━━━━━━━━━━━━━━━━━━━━━━━━━━━━━━━━━━━━━━━━━━━━━━━━━━━━━━━━━━━━━━━━━━━━━━━━━━━━━━━━━━━━━━━━[0m
