
[2m━━━━━━━━━━━━━━━━━━━━━━━━━━━━━━━━━━━━━━━━━━━━━━━━━━━━━━━━━━━━━━━━━━━━━━━━━━━━━━━━━━━━━━━━━━━━━━━━━━━━[0m
[33massert_err_matches_regex![0m([31mresult[0m, [32m"\\d{3}-\\d{5}"[0m);

Assertion Failure!

Expected `[31mResult<T, E>[0m` to be an `[31mErr(E)[0m` that
matches [32mregex[0m when formatted with `[33mformat!("{:?}", error)[0m`, 

Regex: [32m\d{3}-\d{5}[0m
Formatted error: [31m123 error message[0m

[2m━━━━━━━━━━━━━━━━━━━━━━━━━━━━━━━━━━━━━━━━━━━━━━━━━━━━━━━━━━━━━━━━━━━━━━━━━━━━━━━━━━━━━━━━━━━━━━━━━━━━[0m
