
[2m━━━━━━━━━━━━━━━━━━━━━━━━━━━━━━━━━━━━━━━━━━━━━━━━━━━━━━━━━━━━━━━━━━━━━━━━━━━━━━━━━━━━━━━━━━━━━━━━━━━━[0m
[33massert_matches_regex![0m([31m"123-234"[0m, [32m"\\d{3}-\\d{5}"[0m);

Assertion Failure!

Expected [31mstring[0m to match [32mregex[0m

Regex: [32m\d{3}-\d{5}[0m
Received string: [31m123-234[0m

[2m━━━━━━━━━━━━━━━━━━━━━━━━━━━━━━━━━━━━━━━━━━━━━━━━━━━━━━━━━━━━━━━━━━━━━━━━━━━━━━━━━━━━━━━━━━━━━━━━━━━━[0m
