
[2m━━━━━━━━━━━━━━━━━━━━━━━━━━━━━━━━━━━━━━━━━━━━━━━━━━━━━━━━━━━━━━━━━━━━━━━━━━━━━━━━━━━━━━━━━━━━━━━━━━━━[0m
[33massert_lesser_than_or_equal![0m([31m2[0m, [32m1[0m, [2m"Expected left to lesser than or equal to right"[0m);

Expected left to lesser than or equal to right

Expected [31mLeft[0m value to be lesser than or equal to [32mRight[0m value

Left value:  [31m2[0m
Right value: [32m1[0m

[2m━━━━━━━━━━━━━━━━━━━━━━━━━━━━━━━━━━━━━━━━━━━━━━━━━━━━━━━━━━━━━━━━━━━━━━━━━━━━━━━━━━━━━━━━━━━━━━━━━━━━[0m
